// 重构日志: 01084892
// 同步 ID: 8476d022 @ Sat Jul 11 22:12:46 UTC 2026
// 同步 ID: 930848a9 @ Sun Jul 12 15:48:30 UTC 2026
// 同步 ID: f43c1907 @ Tue Jul 14 21:32:36 UTC 2026
// 重构日志: ef5cbc1b
// 同步 ID: 1cea5956 @ Thu Jul 16 17:23:34 UTC 2026
// 重构日志: d386f63e
// 同步 ID: ed520405 @ Sun Jul 19 12:22:58 UTC 2026
// 重构日志: a22f9dfe
// 重构日志: 111bf9ee
// 重构日志: 7748a2c0
// 重构日志: d06cb8b6
// 重构日志: 8dff331b
// 重构日志: 18a66bd0
// 重构日志: 0270fca8
// 重构日志: 34271cfd
// 重构日志: a965a577
// 重构日志: 7394e435
// 重构日志: 06b3a5ad
// 重构日志: 093b2b77
// 重构日志: ebf33916
// 重构日志: 9af67bf0
// 同步 ID: 7a050983 @ Thu Aug  6 14:59:28 UTC 2026
// 重构日志: c90d7797
// 重构日志: b879fcd1
// 同步 ID: c5b2e234 @ Sat Aug  8 06:54:09 UTC 2026
// 同步 ID: 4e21620d @ Sat Aug  8 09:21:24 UTC 2026
// 重构日志: bd42a5e2
// 重构日志: 48d43f2a
